// Jest Snapshot v1, https://goo.gl/fbAQLP

exports[`ClassDoughnut should render initially with data from api 1`] = `"<div style=\\"width: 50vw;\\"><label for=\\"book-select\\">Choose a book: </label><select id=\\"book-select\\"><option value=\\"all\\">All</option><option>1</option><option>2</option><option>3</option><option>4</option><option>5</option><option>6</option><option>7</option><option>8</option><option>9</option></select><canvas id=\\"social-chart\\" width=\\"400\\" height=\\"400\\" tabindex=\\"0\\" role=\\"img\\" aria-label=\\"Doughnut chart of Pliny's Letters\\"></canvas></div>"`;
