// Jest Snapshot v1, https://goo.gl/fbAQLP

exports[`Quicksearch should render based on an ajax call 1`] = `"<form action=\\"/api/post\\" method=\\"POST\\"><label id=\\"label_test\\" for=\\"test\\">Test Lookup</label><input type=\\"text\\" aria-autocomplete=\\"list\\" autocomplete=\\"off\\" role=\\"combobox\\" aria-controls=\\"quicksearch-listbox-test\\" aria-haspopup=\\"listbox\\" aria-expanded=\\"false\\" id=\\"test\\" name=\\"test_name\\" placeholder=\\"enter to search\\" value=\\"\\"><ul aria-labelledby=\\"label_test\\" class=\\"hidden\\" role=\\"listbox\\" id=\\"quicksearch-listbox-test\\"><li role=\\"option\\" class=\\"\\" id=\\"test_choice_0\\">Cornelius Tacitus</li><li role=\\"option\\" class=\\"\\" id=\\"test_choice_1\\">L. Calpurnius Fabatus</li><li role=\\"option\\" class=\\"\\" id=\\"test_choice_2\\">Maturus Arrianus</li><li role=\\"option\\" class=\\"\\" id=\\"test_choice_3\\">Novius Maximus</li></ul></form>"`;

exports[`Quicksearch should render list empty if ajax call fails 1`] = `"<form><label id=\\"label_foo\\" for=\\"foo\\">baz</label><input type=\\"text\\" aria-autocomplete=\\"list\\" autoComplete=\\"off\\" role=\\"combobox\\" aria-controls=\\"quicksearch-listbox-foo\\" aria-haspopup=\\"listbox\\" aria-expanded=\\"false\\" id=\\"foo\\" value=\\"\\" name=\\"bar\\"/><ul aria-labelledby=\\"label_foo\\" class=\\"hidden\\" role=\\"listbox\\" id=\\"quicksearch-listbox-foo\\"></ul></form>"`;
