// Jest Snapshot v1, https://goo.gl/fbAQLP

exports[`Home should render posts passed as props 1`] = `"<section><h2>News</h2><hr/><div id=\\"articles\\"><article><h3>test post</h3><p>this is a test post</p><small>31 Dec 2019</small></article><article><h3>test post 2</h3><p>this is a test post</p><small>1 Jan 2020</small></article></div></section>"`;
